[    1259ms] [INFO] %cDownload the React DevTools for a better development experience: https://react.dev/link/react-devtools font-weight:bold @ webpack-internal:///(app-pages-browser)/./node_modules/.pnpm/next@15.3.2_react-dom@19.2.6_react@19.2.6__react@19.2.6/node_modules/next/dist/compiled/react-dom/cjs/react-dom-client.development.js:25022
[   80884ms] [LOG] [Fast Refresh] rebuilding @ webpack-internal:///(app-pages-browser)/./node_modules/.pnpm/next@15.3.2_react-dom@19.2.6_react@19.2.6__react@19.2.6/node_modules/next/dist/client/components/react-dev-overlay/app/hot-reloader-client.js:196
[   82773ms] [LOG] [Fast Refresh] done in 1889ms @ webpack-internal:///(app-pages-browser)/./node_modules/.pnpm/next@15.3.2_react-dom@19.2.6_react@19.2.6__react@19.2.6/node_modules/next/dist/client/components/react-dev-overlay/utils/report-hmr-latency.js:13
[  348493ms] [LOG] [Fast Refresh] rebuilding @ webpack-internal:///(app-pages-browser)/./node_modules/.pnpm/next@15.3.2_react-dom@19.2.6_react@19.2.6__react@19.2.6/node_modules/next/dist/client/components/react-dev-overlay/app/hot-reloader-client.js:196
[  353127ms] [LOG] [Fast Refresh] done in 4635ms @ webpack-internal:///(app-pages-browser)/./node_modules/.pnpm/next@15.3.2_react-dom@19.2.6_react@19.2.6__react@19.2.6/node_modules/next/dist/client/components/react-dev-overlay/utils/report-hmr-latency.js:13
[  356010ms] [LOG] [Fast Refresh] rebuilding @ webpack-internal:///(app-pages-browser)/./node_modules/.pnpm/next@15.3.2_react-dom@19.2.6_react@19.2.6__react@19.2.6/node_modules/next/dist/client/components/react-dev-overlay/app/hot-reloader-client.js:196
[  356412ms] [LOG] [Fast Refresh] rebuilding @ webpack-internal:///(app-pages-browser)/./node_modules/.pnpm/next@15.3.2_react-dom@19.2.6_react@19.2.6__react@19.2.6/node_modules/next/dist/client/components/react-dev-overlay/app/hot-reloader-client.js:196
[  356490ms] [LOG] [Fast Refresh] done in 79ms @ webpack-internal:///(app-pages-browser)/./node_modules/.pnpm/next@15.3.2_react-dom@19.2.6_react@19.2.6__react@19.2.6/node_modules/next/dist/client/components/react-dev-overlay/utils/report-hmr-latency.js:13
[  357359ms] [LOG] [Fast Refresh] done in 947ms @ webpack-internal:///(app-pages-browser)/./node_modules/.pnpm/next@15.3.2_react-dom@19.2.6_react@19.2.6__react@19.2.6/node_modules/next/dist/client/components/react-dev-overlay/utils/report-hmr-latency.js:13
[  358396ms] [ERROR] Failed to load resource: the server responded with a status of 404 (Not Found) @ http://localhost:4000/_next/static/css/app/layout.css?v=1779048743605:0
[  358483ms] Event
[  791627ms] [LOG] [Fast Refresh] rebuilding @ webpack-internal:///(app-pages-browser)/./node_modules/.pnpm/next@15.3.2_react-dom@19.2.6_react@19.2.6__react@19.2.6/node_modules/next/dist/client/components/react-dev-overlay/app/hot-reloader-client.js:196
[  794243ms] [LOG] [Fast Refresh] rebuilding @ webpack-internal:///(app-pages-browser)/./node_modules/.pnpm/next@15.3.2_react-dom@19.2.6_react@19.2.6__react@19.2.6/node_modules/next/dist/client/components/react-dev-overlay/app/hot-reloader-client.js:196
[  794378ms] [LOG] [Fast Refresh] done in 134ms @ webpack-internal:///(app-pages-browser)/./node_modules/.pnpm/next@15.3.2_react-dom@19.2.6_react@19.2.6__react@19.2.6/node_modules/next/dist/client/components/react-dev-overlay/utils/report-hmr-latency.js:13
[  796773ms] [LOG] [Fast Refresh] done in 2529ms @ webpack-internal:///(app-pages-browser)/./node_modules/.pnpm/next@15.3.2_react-dom@19.2.6_react@19.2.6__react@19.2.6/node_modules/next/dist/client/components/react-dev-overlay/utils/report-hmr-latency.js:13
[  801193ms] [LOG] [Fast Refresh] rebuilding @ webpack-internal:///(app-pages-browser)/./node_modules/.pnpm/next@15.3.2_react-dom@19.2.6_react@19.2.6__react@19.2.6/node_modules/next/dist/client/components/react-dev-overlay/app/hot-reloader-client.js:196
[  839672ms] [LOG] [Fast Refresh] done in 38478ms @ webpack-internal:///(app-pages-browser)/./node_modules/.pnpm/next@15.3.2_react-dom@19.2.6_react@19.2.6__react@19.2.6/node_modules/next/dist/client/components/react-dev-overlay/utils/report-hmr-latency.js:13
[  840079ms] [LOG] [Fast Refresh] rebuilding @ webpack-internal:///(app-pages-browser)/./node_modules/.pnpm/next@15.3.2_react-dom@19.2.6_react@19.2.6__react@19.2.6/node_modules/next/dist/client/components/react-dev-overlay/app/hot-reloader-client.js:196
[  852302ms] [LOG] [Fast Refresh] rebuilding @ webpack-internal:///(app-pages-browser)/./node_modules/.pnpm/next@15.3.2_react-dom@19.2.6_react@19.2.6__react@19.2.6/node_modules/next/dist/client/components/react-dev-overlay/app/hot-reloader-client.js:196
[  858791ms] [LOG] [Fast Refresh] done in 6490ms @ webpack-internal:///(app-pages-browser)/./node_modules/.pnpm/next@15.3.2_react-dom@19.2.6_react@19.2.6__react@19.2.6/node_modules/next/dist/client/components/react-dev-overlay/utils/report-hmr-latency.js:13
[  861791ms] [ERROR] Failed to load resource: the server responded with a status of 500 (Internal Server Error) @ http://localhost:4000/?_rsc=1oqwi:0
[  862011ms] [LOG] [Fast Refresh] done in 9710ms @ webpack-internal:///(app-pages-browser)/./node_modules/.pnpm/next@15.3.2_react-dom@19.2.6_react@19.2.6__react@19.2.6/node_modules/next/dist/client/components/react-dev-overlay/utils/report-hmr-latency.js:13
[  862877ms] [ERROR] Failed to load resource: the server responded with a status of 500 (Internal Server Error) @ http://localhost:4000/?_rsc=1oqwi:0
[  863442ms] [ERROR] Failed to load resource: the server responded with a status of 500 (Internal Server Error) @ http://localhost:4000/?_rsc=1oqwi:0
[  863929ms] [LOG] [Fast Refresh] rebuilding @ webpack-internal:///(app-pages-browser)/./node_modules/.pnpm/next@15.3.2_react-dom@19.2.6_react@19.2.6__react@19.2.6/node_modules/next/dist/client/components/react-dev-overlay/app/hot-reloader-client.js:196
[  865806ms] [LOG] [Fast Refresh] rebuilding @ webpack-internal:///(app-pages-browser)/./node_modules/.pnpm/next@15.3.2_react-dom@19.2.6_react@19.2.6__react@19.2.6/node_modules/next/dist/client/components/react-dev-overlay/app/hot-reloader-client.js:196
[  865922ms] [LOG] [Fast Refresh] done in 117ms @ webpack-internal:///(app-pages-browser)/./node_modules/.pnpm/next@15.3.2_react-dom@19.2.6_react@19.2.6__react@19.2.6/node_modules/next/dist/client/components/react-dev-overlay/utils/report-hmr-latency.js:13
[  867831ms] [LOG] [Fast Refresh] done in 2025ms @ webpack-internal:///(app-pages-browser)/./node_modules/.pnpm/next@15.3.2_react-dom@19.2.6_react@19.2.6__react@19.2.6/node_modules/next/dist/client/components/react-dev-overlay/utils/report-hmr-latency.js:13
[  867956ms] [ERROR] Failed to load resource: the server responded with a status of 500 (Internal Server Error) @ http://localhost:4000/:0
[  869967ms] [INFO] %cDownload the React DevTools for a better development experience: https://react.dev/link/react-devtools font-weight:bold @ webpack-internal:///(pages-dir-browser)/./node_modules/.pnpm/react-dom@19.2.6_react@19.2.6/node_modules/react-dom/cjs/react-dom-client.development.js:28004
[  870238ms] Error: ENOENT: no such file or directory, open '/Users/Dorgham/Documents/Work/Devleopment/NEZAM/.nezam/design-server/.next/server/pages/_document.js'
    at Object.readFileSync (node:fs:436:20)
    at defaultLoadImpl (node:internal/modules/cjs/loader:1167:17)
    at loadSource (node:internal/modules/cjs/loader:1855:20)
    at Module._extensions..js (node:internal/modules/cjs/loader:1962:44)
    at Module.load (node:internal/modules/cjs/loader:1552:32)
    at Module._load (node:internal/modules/cjs/loader:1354:12)
    at wrapModuleLoad (node:internal/modules/cjs/loader:255:19)
    at Module.require (node:internal/modules/cjs/loader:1575:12)
    at mod.require (file:///Users/Dorgham/Documents/Work/Devleopment/NEZAM/.nezam/design-server/node_modules/.pnpm/next@15.3.2_react-dom@19.2.6_react@19.2.6__react@19.2.6/node_modules/next/dist/server/require-hook.js:65:28)
    at require (node:internal/modules/helpers:191:16)
    at requirePage (file:///Users/Dorgham/Documents/Work/Devleopment/NEZAM/.nezam/design-server/node_modules/.pnpm/next@15.3.2_react-dom@19.2.6_react@19.2.6__react@19.2.6/node_modules/next/dist/server/require.js:103:84)
    at loadComponentsImpl (file:///Users/Dorgham/Documents/Work/Devleopment/NEZAM/.nezam/design-server/node_modules/.pnpm/next@15.3.2_react-dom@19.2.6_react@19.2.6__react@19.2.6/node_modules/next/dist/server/load-components.js:86:38)
    at DevServer.findPageComponentsImpl (file:///Users/Dorgham/Documents/Work/Devleopment/NEZAM/.nezam/design-server/node_modules/.pnpm/next@15.3.2_react-dom@19.2.6_react@19.2.6__react@19.2.6/node_modules/next/dist/server/next-server.js:820:77)
    at <unknown> (file:///Users/Dorgham/Documents/Work/Devleopment/NEZAM/.nezam/design-server/node_modules/.pnpm/next@15.3.2_react-dom@19.2.6_react@19.2.6__react@19.2.6/node_modules/next/dist/server/next-server.js:798:21)
    at <unknown> (file:///Users/Dorgham/Documents/Work/Devleopment/NEZAM/.nezam/design-server/node_modules/.pnpm/next@15.3.2_react-dom@19.2.6_react@19.2.6__react@19.2.6/node_modules/next/dist/server/lib/trace/tracer.js:169:36)
    at NoopContextManager.with (file:///Users/Dorgham/Documents/Work/Devleopment/NEZAM/.nezam/design-server/node_modules/.pnpm/next@15.3.2_react-dom@19.2.6_react@19.2.6__react@19.2.6/node_modules/next/dist/compiled/@opentelemetry/api/index.js:1:7062)
    at ContextAPI.with (file:///Users/Dorgham/Documents/Work/Devleopment/NEZAM/.nezam/design-server/node_modules/.pnpm/next@15.3.2_react-dom@19.2.6_react@19.2.6__react@19.2.6/node_modules/next/dist/compiled/@opentelemetry/api/index.js:1:518)
    at NoopTracer.startActiveSpan (file:///Users/Dorgham/Documents/Work/Devleopment/NEZAM/.nezam/design-server/node_modules/.pnpm/next@15.3.2_react-dom@19.2.6_react@19.2.6__react@19.2.6/node_modules/next/dist/compiled/@opentelemetry/api/index.js:1:18093)
    at ProxyTracer.startActiveSpan (file:///Users/Dorgham/Documents/Work/Devleopment/NEZAM/.nezam/design-server/node_modules/.pnpm/next@15.3.2_react-dom@19.2.6_react@19.2.6__react@19.2.6/node_modules/next/dist/compiled/@opentelemetry/api/index.js:1:18854)
    at <unknown> (file:///Users/Dorgham/Documents/Work/Devleopment/NEZAM/.nezam/design-server/node_modules/.pnpm/next@15.3.2_react-dom@19.2.6_react@19.2.6__react@19.2.6/node_modules/next/dist/server/lib/trace/tracer.js:151:103)
    at NoopContextManager.with (file:///Users/Dorgham/Documents/Work/Devleopment/NEZAM/.nezam/design-server/node_modules/.pnpm/next@15.3.2_react-dom@19.2.6_react@19.2.6__react@19.2.6/node_modules/next/dist/compiled/@opentelemetry/api/index.js:1:7062)
    at ContextAPI.with (file:///Users/Dorgham/Documents/Work/Devleopment/NEZAM/.nezam/design-server/node_modules/.pnpm/next@15.3.2_react-dom@19.2.6_react@19.2.6__react@19.2.6/node_modules/next/dist/compiled/@opentelemetry/api/index.js:1:518)
    at NextTracerImpl.trace (file:///Users/Dorgham/Documents/Work/Devleopment/NEZAM/.nezam/design-server/node_modules/.pnpm/next@15.3.2_react-dom@19.2.6_react@19.2.6__react@19.2.6/node_modules/next/dist/server/lib/trace/tracer.js:151:28)
    at DevServer.findPageComponents (file:///Users/Dorgham/Documents/Work/Devleopment/NEZAM/.nezam/design-server/node_modules/.pnpm/next@15.3.2_react-dom@19.2.6_react@19.2.6__react@19.2.6/node_modules/next/dist/server/next-server.js:793:41)
    at DevServer.findPageComponents (file:///Users/Dorgham/Documents/Work/Devleopment/NEZAM/.nezam/design-server/node_modules/.pnpm/next@15.3.2_react-dom@19.2.6_react@19.2.6__react@19.2.6/node_modules/next/dist/server/dev/next-dev-server.js:628:28)
    at async DevServer.renderErrorToResponseImpl (file:///Users/Dorgham/Documents/Work/Devleopment/NEZAM/.nezam/design-server/node_modules/.pnpm/next@15.3.2_react-dom@19.2.6_react@19.2.6__react@19.2.6/node_modules/next/dist/server/base-server.js:2614:26)
    at async pipe.req.req (file:///Users/Dorgham/Documents/Work/Devleopment/NEZAM/.nezam/design-server/node_modules/.pnpm/next@15.3.2_react-dom@19.2.6_react@19.2.6__react@19.2.6/node_modules/next/dist/server/base-server.js:2536:30)
    at async DevServer.pipeImpl (file:///Users/Dorgham/Documents/Work/Devleopment/NEZAM/.nezam/design-server/node_modules/.pnpm/next@15.3.2_react-dom@19.2.6_react@19.2.6__react@19.2.6/node_modules/next/dist/server/base-server.js:1007:25)
    at async NextNodeServer.handleCatchallRenderRequest (file:///Users/Dorgham/Documents/Work/Devleopment/NEZAM/.nezam/design-server/node_modules/.pnpm/next@15.3.2_react-dom@19.2.6_react@19.2.6__react@19.2.6/node_modules/next/dist/server/next-server.js:320:21)
    at async DevServer.handleRequestImpl (file:///Users/Dorgham/Documents/Work/Devleopment/NEZAM/.nezam/design-server/node_modules/.pnpm/next@15.3.2_react-dom@19.2.6_react@19.2.6__react@19.2.6/node_modules/next/dist/server/base-server.js:899:17)
    at async (file:///Users/Dorgham/Documents/Work/Devleopment/NEZAM/.nezam/design-server/node_modules/.pnpm/next@15.3.2_react-dom@19.2.6_react@19.2.6__react@19.2.6/node_modules/next/dist/server/dev/next-dev-server.js:371:20)
    at async Span.traceAsyncFn (file:///Users/Dorgham/Documents/Work/Devleopment/NEZAM/.nezam/design-server/node_modules/.pnpm/next@15.3.2_react-dom@19.2.6_react@19.2.6__react@19.2.6/node_modules/next/dist/trace/trace.js:157:20)
    at async DevServer.handleRequest (file:///Users/Dorgham/Documents/Work/Devleopment/NEZAM/.nezam/design-server/node_modules/.pnpm/next@15.3.2_react-dom@19.2.6_react@19.2.6__react@19.2.6/node_modules/next/dist/server/dev/next-dev-server.js:368:24)
    at async invokeRender (file:///Users/Dorgham/Documents/Work/Devleopment/NEZAM/.nezam/design-server/node_modules/.pnpm/next@15.3.2_react-dom@19.2.6_react@19.2.6__react@19.2.6/node_modules/next/dist/server/lib/router-server.js:237:21)
    at async handleRequest (file:///Users/Dorgham/Documents/Work/Devleopment/NEZAM/.nezam/design-server/node_modules/.pnpm/next@15.3.2_react-dom@19.2.6_react@19.2.6__react@19.2.6/node_modules/next/dist/server/lib/router-server.js:428:24)
    at async requestHandlerImpl (file:///Users/Dorgham/Documents/Work/Devleopment/NEZAM/.nezam/design-server/node_modules/.pnpm/next@15.3.2_react-dom@19.2.6_react@19.2.6__react@19.2.6/node_modules/next/dist/server/lib/router-server.js:452:13)
    at async Server.requestListener (file:///Users/Dorgham/Documents/Work/Devleopment/NEZAM/.nezam/design-server/node_modules/.pnpm/next@15.3.2_react-dom@19.2.6_react@19.2.6__react@19.2.6/node_modules/next/dist/server/lib/start-server.js:158:13)
[  870247ms] [LOG] [HMR] connected @ webpack-internal:///(pages-dir-browser)/./node_modules/.pnpm/next@15.3.2_react-dom@19.2.6_react@19.2.6__react@19.2.6/node_modules/next/dist/client/components/react-dev-overlay/pages/websocket.js:41
[  870257ms] [LOG] [Fast Refresh] rebuilding @ webpack-internal:///(pages-dir-browser)/./node_modules/.pnpm/next@15.3.2_react-dom@19.2.6_react@19.2.6__react@19.2.6/node_modules/next/dist/client/components/react-dev-overlay/pages/hot-reloader-client.js:204
[  873967ms] [ERROR] Failed to load resource: the server responded with a status of 404 (Not Found) @ http://localhost:4000/_next/static/webpack/3deaf210862ff519.webpack.hot-update.json:0
[  873968ms] [WARNING] [Fast Refresh] performing full reload because your application had an unrecoverable error @ webpack-internal:///(pages-dir-browser)/./node_modules/.pnpm/next@15.3.2_react-dom@19.2.6_react@19.2.6__react@19.2.6/node_modules/next/dist/client/components/react-dev-overlay/pages/hot-reloader-client.js:338
[  886039ms] [ERROR] Failed to load resource: the server responded with a status of 404 (Not Found) @ http://localhost:4000/_next/static/css/app/layout.css?v=1779049262639:0
[  891889ms] [ERROR] Failed to load resource: the server responded with a status of 404 (Not Found) @ http://localhost:4000/_next/static/chunks/main-app.js?v=1779049262639:0
[  891976ms] [ERROR] Failed to load resource: the server responded with a status of 404 (Not Found) @ http://localhost:4000/_next/static/chunks/app-pages-internals.js:0
[  891979ms] [ERROR] Failed to load resource: the server responded with a status of 404 (Not Found) @ http://localhost:4000/_next/static/chunks/app/page.js:0
